2026-08-22 05:41:09,396 INFO o.a.j.u.JMeterUtils: Setting Locale to en_EN
2026-08-22 05:41:09,411 INFO o.a.j.JMeter: Loading user properties from: /home/mcfriendsy/jmeter/bin/user.properties
2026-08-22 05:41:09,411 INFO o.a.j.JMeter: Loading system properties from: /home/mcfriendsy/jmeter/bin/system.properties
2026-08-22 05:41:09,417 INFO o.a.j.JMeter: Copyright (c) 1998-2024 The Apache Software Foundation
2026-08-22 05:41:09,418 INFO o.a.j.JMeter: Version 5.6.3
2026-08-22 05:41:09,418 INFO o.a.j.JMeter: java.version=25
2026-08-22 05:41:09,418 INFO o.a.j.JMeter: java.vm.name=Java HotSpot(TM) 64-Bit Server VM
2026-08-22 05:41:09,418 INFO o.a.j.JMeter: os.name=Linux
2026-08-22 05:41:09,418 INFO o.a.j.JMeter: os.arch=amd64
2026-08-22 05:41:09,418 INFO o.a.j.JMeter: os.version=7.0.0-29-generic
2026-08-22 05:41:09,418 INFO o.a.j.JMeter: file.encoding=UTF-8
2026-08-22 05:41:09,418 INFO o.a.j.JMeter: java.awt.headless=true
2026-08-22 05:41:09,418 INFO o.a.j.JMeter: Max memory     =1073741824
2026-08-22 05:41:09,418 INFO o.a.j.JMeter: Available Processors =4
2026-08-22 05:41:09,432 INFO o.a.j.JMeter: Default Locale=English (EN)
2026-08-22 05:41:09,433 INFO o.a.j.JMeter: JMeter  Locale=English (EN)
2026-08-22 05:41:09,433 INFO o.a.j.JMeter: JMeterHome=/home/mcfriendsy/jmeter
2026-08-22 05:41:09,433 INFO o.a.j.JMeter: user.dir  =/home/mcfriendsy/RustProjects/zuri
2026-08-22 05:41:09,433 INFO o.a.j.JMeter: PWD       =/home/mcfriendsy/RustProjects/zuri
2026-08-22 05:41:09,433 INFO o.a.j.JMeter: IP: 127.0.1.1 Name: jade FullName: jade
2026-08-22 05:41:09,444 INFO o.a.j.JMeter: Setting property 'jmeter.reportgenerator.outputdir' to:'/home/mcfriendsy/RustProjects/zuri/report'
2026-08-22 05:41:09,448 INFO o.a.j.r.d.ReportGenerator: ReportGenerator will use for Parsing the separator: ','
2026-08-22 05:41:09,448 ERROR o.a.j.JMeter: An error occurred: 
java.lang.IllegalArgumentException: Cannot read test results file : result.csv
	at org.apache.jmeter.report.dashboard.ReportGenerator.<init>(ReportGenerator.java:134) ~[ApacheJMeter_core.jar:5.6.3]
	at org.apache.jmeter.JMeter.start(JMeter.java:484) [ApacheJMeter_core.jar:5.6.3]
	at java.base/jdk.internal.reflect.DirectMethodHandleAccessor.invoke(DirectMethodHandleAccessor.java:104) ~[?:?]
	at java.base/java.lang.reflect.Method.invoke(Method.java:565) ~[?:?]
	at org.apache.jmeter.NewDriver.main(NewDriver.java:259) [ApacheJMeter.jar:5.6.3]
